2026-05-05 18:23:42  SnapSolve tray shim starting...
2026-05-05 18:23:42  Background listener runspace started.
2026-05-05 18:23:43  HttpListener started on port 3002
2026-05-05 18:24:32  snip ERROR: No screenshot captured (timed out or cancelled).
2026-05-05 18:25:47  snip ERROR: No screenshot captured (timed out or cancelled).
2026-05-05 18:25:53  Listener error: Exception setting "ContentLength64": "This operation cannot be performed after the response has been submitted."
2026-05-05 18:25:53  HttpListener stopped.
2026-05-05 18:27:25  SnapSolve tray shim starting...
2026-05-05 18:27:25  HttpListener started on port 3002
2026-05-05 18:28:48  snip OK
2026-05-05 18:29:26  set-clipboard OK
2026-05-05 18:29:46  snip OK
2026-05-05 18:30:00  set-clipboard OK
2026-05-05 18:30:48  snip OK
2026-05-05 18:31:02  set-clipboard OK
2026-05-05 18:35:06  snip OK
2026-05-05 18:35:20  set-clipboard OK
2026-05-05 18:37:52  snip OK
2026-05-05 18:38:05  set-clipboard OK
2026-05-05 18:39:03  snip ERROR: Timed out or cancelled.
2026-05-05 18:39:11  snip OK
2026-05-05 18:39:41  snip ERROR: Timed out or cancelled.
2026-05-05 18:39:41  set-clipboard OK
2026-05-05 18:40:12  snip ERROR: Timed out or cancelled.
2026-05-05 19:01:05  snip OK
2026-05-05 19:01:15  set-clipboard OK
2026-05-05 19:02:21  snip OK
2026-05-05 19:02:32  set-clipboard OK
2026-05-05 19:12:35  snip ERROR: Timed out or cancelled.
2026-05-05 19:13:05  snip ERROR: Timed out or cancelled.
2026-05-05 19:29:52  snip OK
2026-05-05 19:30:26  set-clipboard OK
2026-05-05 19:38:51  snip OK
2026-05-05 19:39:10  set-clipboard OK
2026-05-05 19:46:29  snip OK
2026-05-05 19:46:39  set-clipboard OK
2026-05-05 19:51:10  snip OK
2026-05-05 19:51:19  set-clipboard OK
2026-05-05 19:51:55  snip OK
2026-05-05 19:52:06  set-clipboard OK
2026-05-05 19:54:47  snip OK
2026-05-05 19:55:07  set-clipboard OK
2026-05-05 19:56:24  snip OK
2026-05-05 19:56:36  set-clipboard OK
